>>> from 4-print_square import print_square

# Test valid sizes
>>> print_square(1)
#
>>> print_square(2)
##
##
>>> print_square(3)
###
###
###
>>> print_square(5)
#####
#####
#####
#####
#####

# Test size is 0
>>> print_square(0)

# Test invalid types
>>> print_square(-1)
Traceback (most recent call last):
    ...
ValueError: size must be >= 0
>>> print_square(3.5)
Traceback (most recent call last):
    ...
TypeError: size must be an integer
>>> print_square("3")
Traceback (most recent call last):
    ...
TypeError: size must be an integer
